Equate elements:  no current cell.
Equate elements:  no current cell.
Class test1.spice:  Merged 21 devices.

Subcircuit summary:
Circuit 1: test1.spice                     |Circuit 2: test2.spice                     
-------------------------------------------|-------------------------------------------
sky130_fd_pr__nfet_01v8 (7)                |sky130_fd_pr__nfet_01v8 (4) **Mismatch**   
sky130_fd_pr__pfet_01v8 (8)                |sky130_fd_pr__pfet_01v8 (4) **Mismatch**   
Number of devices: 15 **Mismatch**         |Number of devices: 8 **Mismatch**          
Number of nets: 13 **Mismatch**            |Number of nets: 6 **Mismatch**             
---------------------------------------------------------------------------------------
NET mismatches: Class fragments follow (with fanout counts):
Circuit 1: test1.spice                     |Circuit 2: test2.spice                     

---------------------------------------------------------------------------------------
Net: net1                                  |(no matching net)                          
  sky130_fd_pr__nfet_01v8/(1|3) = 1        |                                           
  sky130_fd_pr__nfet_01v8/2 = 3            |                                           
  sky130_fd_pr__pfet_01v8/(1|3) = 1        |                                           
                                           |                                           
Net: GND                                   |(no matching net)                          
  sky130_fd_pr__nfet_01v8/(1|3) = 4        |                                           
  sky130_fd_pr__nfet_01v8/4 = 7            |                                           
                                           |                                           
Net: net8                                  |(no matching net)                          
  sky130_fd_pr__nfet_01v8/(1|3) = 2        |                                           
                                           |                                           
Net: net9                                  |(no matching net)                          
  sky130_fd_pr__nfet_01v8/2 = 4            |                                           
  sky130_fd_pr__nfet_01v8/(1|3) = 1        |                                           
  sky130_fd_pr__pfet_01v8/(1|3) = 1        |                                           
                                           |                                           
Net: VDD                                   |(no matching net)                          
  sky130_fd_pr__pfet_01v8/(1|3) = 4        |                                           
  sky130_fd_pr__pfet_01v8/4 = 8            |                                           
---------------------------------------------------------------------------------------

---------------------------------------------------------------------------------------
Net: net4                                  |(no matching net)                          
  sky130_fd_pr__pfet_01v8/(1|3) = 2        |                                           
                                           |                                           
Net: net3                                  |(no matching net)                          
  sky130_fd_pr__pfet_01v8/(1|3) = 2        |                                           
---------------------------------------------------------------------------------------

---------------------------------------------------------------------------------------
Net: net5                                  |(no matching net)                          
  sky130_fd_pr__pfet_01v8/(1|3) = 2        |                                           
                                           |                                           
Net: net2                                  |(no matching net)                          
  sky130_fd_pr__pfet_01v8/(1|3) = 2        |                                           
---------------------------------------------------------------------------------------

---------------------------------------------------------------------------------------
Net: net7                                  |(no matching net)                          
  sky130_fd_pr__nfet_01v8/(1|3) = 2        |                                           
                                           |                                           
Net: net6                                  |(no matching net)                          
  sky130_fd_pr__nfet_01v8/(1|3) = 2        |                                           
---------------------------------------------------------------------------------------

---------------------------------------------------------------------------------------
(no matching net)                          |Net: net1                                  
                                           |  sky130_fd_pr__pfet_01v8/(1|3) = 1        
                                           |  sky130_fd_pr__pfet_01v8/2 = 2            
                                           |  sky130_fd_pr__nfet_01v8/(1|3) = 1        
                                           |                                           
(no matching net)                          |Net: Vbp                                   
                                           |  sky130_fd_pr__pfet_01v8/2 = 2            
                                           |  sky130_fd_pr__pfet_01v8/(1|3) = 1        
                                           |  sky130_fd_pr__nfet_01v8/(1|3) = 1        
---------------------------------------------------------------------------------------

---------------------------------------------------------------------------------------
(no matching net)                          |Net: net3                                  
                                           |  sky130_fd_pr__pfet_01v8/(1|3) = 1        
                                           |  sky130_fd_pr__nfet_01v8/2 = 2            
                                           |  sky130_fd_pr__nfet_01v8/(1|3) = 1        
                                           |                                           
(no matching net)                          |Net: net2                                  
                                           |  sky130_fd_pr__pfet_01v8/(1|3) = 1        
                                           |  sky130_fd_pr__nfet_01v8/(1|3) = 1        
                                           |  sky130_fd_pr__nfet_01v8/2 = 2            
---------------------------------------------------------------------------------------

---------------------------------------------------------------------------------------
Net: Vbp                                   |(no matching net)                          
  sky130_fd_pr__nfet_01v8/(1|3) = 1        |                                           
  sky130_fd_pr__pfet_01v8/2 = 4            |                                           
  sky130_fd_pr__pfet_01v8/(1|3) = 1        |                                           
                                           |                                           
Net: Vdp                                   |(no matching net)                          
  sky130_fd_pr__nfet_01v8/(1|3) = 1        |                                           
  sky130_fd_pr__pfet_01v8/(1|3) = 1        |                                           
  sky130_fd_pr__pfet_01v8/2 = 4            |                                           
---------------------------------------------------------------------------------------

---------------------------------------------------------------------------------------
(no matching net)                          |Net: GND                                   
                                           |  sky130_fd_pr__nfet_01v8/(1|3) = 4        
                                           |  sky130_fd_pr__nfet_01v8/4 = 4            
                                           |                                           
(no matching net)                          |Net: VDD                                   
                                           |  sky130_fd_pr__pfet_01v8/(1|3) = 4        
                                           |  sky130_fd_pr__pfet_01v8/4 = 4            
---------------------------------------------------------------------------------------
DEVICE mismatches: Class fragments follow (with node fanout counts):
Circuit 1: test1.spice                     |Circuit 2: test2.spice                     

---------------------------------------------------------------------------------------
Instance: sky130_fd_pr__nfet_01v8M1        |(no matching instance)                     
  (1,3) = (11,5)                           |                                           
  2 = 5                                    |                                           
  4 = 11                                   |                                           
                                           |                                           
                                           |                                           
Instance: sky130_fd_pr__nfet_01v8M9        |(no matching instance)                     
  (1,3) = (11,2)                           |                                           
  2 = 6                                    |                                           
  4 = 11                                   |                                           
                                           |                                           
                                           |                                           
Instance: sky130_fd_pr__nfet_01v8M10       |(no matching instance)                     
  (1,3) = (6,2)                            |                                           
  2 = 6                                    |                                           
  4 = 11                                   |                                           
                                           |                                           
                                           |                                           
Instance: sky130_fd_pr__pfet_01v8M11       |(no matching instance)                     
  (1,3) = (12,2)                           |                                           
  2 = 6                                    |                                           
  4 = 12                                   |                                           
                                           |                                           
                                           |                                           
Instance: sky130_fd_pr__pfet_01v8M12       |(no matching instance)                     
  (1,3) = (5,2)                            |                                           
  2 = 6                                    |                                           
  4 = 12                                   |                                           
                                           |                                           
                                           |                                           
Instance: sky130_fd_pr__pfet_01v8M17       |(no matching instance)                     
  (1,3) = (6,2)                            |                                           
  2 = 6                                    |                                           
  4 = 12                                   |                                           
                                           |                                           
                                           |                                           
Instance: sky130_fd_pr__pfet_01v8M18       |(no matching instance)                     
  (1,3) = (12,2)                           |                                           
  2 = 6                                    |                                           
  4 = 12                                   |                                           
                                           |                                           
---------------------------------------------------------------------------------------

---------------------------------------------------------------------------------------
Instance: sky130_fd_pr__pfet_01v8M15       |(no matching instance)                     
  (1,3) = (12,2)                           |                                           
  2 = 6                                    |                                           
  4 = 12                                   |                                           
                                           |                                           
                                           |                                           
Instance: sky130_fd_pr__pfet_01v8M14       |(no matching instance)                     
  (1,3) = (12,2)                           |                                           
  2 = 6                                    |                                           
  4 = 12                                   |                                           
                                           |                                           
---------------------------------------------------------------------------------------

---------------------------------------------------------------------------------------
Instance: sky130_fd_pr__nfet_01v8M8        |(no matching instance)                     
  (1,3) = (11,2)                           |                                           
  2 = 6                                    |                                           
  4 = 11                                   |                                           
                                           |                                           
                                           |                                           
Instance: sky130_fd_pr__nfet_01v8M5        |(no matching instance)                     
  (1,3) = (11,2)                           |                                           
  2 = 5                                    |                                           
  4 = 11                                   |                                           
                                           |                                           
---------------------------------------------------------------------------------------

---------------------------------------------------------------------------------------
(no matching instance)                     |Instance: sky130_fd_pr__pfet_01v8M34       
                                           |  (1,3) = (8,4)                            
                                           |  2 = 4                                    
                                           |  4 = 8                                    
                                           |                                           
                                           |                                           
(no matching instance)                     |Instance: sky130_fd_pr__pfet_01v8M31       
                                           |  (1,3) = (8,4)                            
                                           |  2 = 4                                    
                                           |  4 = 8                                    
                                           |                                           
---------------------------------------------------------------------------------------

---------------------------------------------------------------------------------------
(no matching instance)                     |Instance: sky130_fd_pr__pfet_01v8M35       
                                           |  (1,3) = (8,4)                            
                                           |  2 = 4                                    
                                           |  4 = 8                                    
                                           |                                           
                                           |                                           
(no matching instance)                     |Instance: sky130_fd_pr__pfet_01v8M30       
                                           |  (1,3) = (8,4)                            
                                           |  2 = 4                                    
                                           |  4 = 8                                    
                                           |                                           
---------------------------------------------------------------------------------------

---------------------------------------------------------------------------------------
Instance: sky130_fd_pr__pfet_01v8M16       |(no matching instance)                     
  (1,3) = (6,2)                            |                                           
  2 = 6                                    |                                           
  4 = 12                                   |                                           
                                           |                                           
                                           |                                           
Instance: sky130_fd_pr__pfet_01v8M13       |(no matching instance)                     
  (1,3) = (6,2)                            |                                           
  2 = 6                                    |                                           
  4 = 12                                   |                                           
                                           |                                           
---------------------------------------------------------------------------------------

---------------------------------------------------------------------------------------
(no matching instance)                     |Instance: sky130_fd_pr__nfet_01v8M57       
                                           |  (1,3) = (8,4)                            
                                           |  2 = 4                                    
                                           |  4 = 8                                    
                                           |                                           
                                           |                                           
(no matching instance)                     |Instance: sky130_fd_pr__nfet_01v8M56       
                                           |  (1,3) = (8,4)                            
                                           |  2 = 4                                    
                                           |  4 = 8                                    
                                           |                                           
---------------------------------------------------------------------------------------

---------------------------------------------------------------------------------------
(no matching instance)                     |Instance: sky130_fd_pr__nfet_01v8M61       
                                           |  (1,3) = (8,4)                            
                                           |  2 = 4                                    
                                           |  4 = 8                                    
                                           |                                           
                                           |                                           
(no matching instance)                     |Instance: sky130_fd_pr__nfet_01v8M55       
                                           |  (1,3) = (8,4)                            
                                           |  2 = 4                                    
                                           |  4 = 8                                    
                                           |                                           
---------------------------------------------------------------------------------------

---------------------------------------------------------------------------------------
Instance: sky130_fd_pr__nfet_01v8M7        |(no matching instance)                     
  (1,3) = (6,2)                            |                                           
  2 = 6                                    |                                           
  4 = 11                                   |                                           
                                           |                                           
                                           |                                           
Instance: sky130_fd_pr__nfet_01v8M6        |(no matching instance)                     
  (1,3) = (6,2)                            |                                           
  2 = 5                                    |                                           
  4 = 11                                   |                                           
                                           |                                           
---------------------------------------------------------------------------------------
Netlists do not match.
The top level cell failed pin matching.
